// Jest Snapshot v1, https://goo.gl/fbAQLP

exports[`Emoji parse allows you to turn off HTML escaping 1`] = `"🎉 <strong>This be strong...</strong>"`;

exports[`Emoji parse converts emoji shortcodes ":buildkite:" 1`] = `"<img class=\\"emoji\\" title=\\"buildkite\\" alt=\\":buildkite:\\" src=\\"emoji-host.com/img-buildkite-64/buildkite.png\\" draggable=\\"false\\" />"`;

exports[`Emoji parse converts emoji shortcodes ":wave::skin-tone-3:" 1`] = `"👋🏼"`;

exports[`Emoji parse converts emoji shortcodes ":woman-woman-girl:" 1`] = `"👩‍👩‍👧"`;

exports[`Emoji parse converts emoji shortcodes "String with :rocket:" 1`] = `"String with 🚀"`;

exports[`Emoji parse escapes other HTML by default 1`] = `"🎉 &lt;strong&gt;This be strong...&lt;/strong&gt;"`;

exports[`Emoji parse ignores escaped shortcodes "String with \\:rocket\\:" 1`] = `"String with \\\\:rocket\\\\:"`;

exports[`Emoji parse ignores escaped shortcodes "arn\\:aws\\:s3:::bucket" 1`] = `"arn\\\\:aws\\\\:s3:::bucket"`;

exports[`Emoji parse leaves Unicode emoji alone "©️©" 1`] = `"©️©"`;

exports[`Emoji parse leaves Unicode emoji alone "™" 1`] = `"™"`;

exports[`Emoji parse leaves Unicode emoji alone "⛄" 1`] = `"⛄"`;

exports[`Emoji parse leaves Unicode emoji alone "🅱️epis" 1`] = `"🅱️epis"`;

exports[`Emoji parse leaves Unicode emoji alone "🇦🇺💜🇨🇦" 1`] = `"🇦🇺💜🇨🇦"`;

exports[`Emoji parse leaves Unicode emoji alone "👋🏿" 1`] = `"👋🏿"`;

exports[`Emoji parse leaves Unicode emoji alone "👍 :buildkite:" 1`] = `"👍 <img class=\\"emoji\\" title=\\"buildkite\\" alt=\\":buildkite:\\" src=\\"emoji-host.com/img-buildkite-64/buildkite.png\\" draggable=\\"false\\" />"`;

exports[`Emoji parse leaves Unicode emoji alone "👩‍👩‍👧" 1`] = `"👩‍👩‍👧"`;

exports[`Emoji parse leaves Unicode emoji alone "👩🏻‍🏫" 1`] = `"👩🏻‍🏫"`;

exports[`Emoji parse leaves Unicode emoji alone "💩 in the 💨" 1`] = `"💩 in the 💨"`;
